nohup: ignoring input
Stage2 sparse layout needs 32768 slots; using log-degree 16
Rotation steps: 2777
Generating hybrid rotation keys: 30 keys for sparse stage
Rotation keys generated in 465.467 seconds
Plain HE-friendly ResNet-20 logits: -9.87407e+79, -4.24082e+79, 9.11112e+79, 3.46463e+79, 5.56373e+79, -5.33973e+79, -1.78431e+79, 2.00318e+80, -1.09364e+80, -5.99662e+79
Encrypted full HE conv1 complete
Encrypted full HE stage1 block0 complete
Encrypted full HE stage1 block1 complete
Encrypted full HE stage1 block2 complete
Encrypted full HE stage2 block0 sparse complete
Encrypted full HE stage2 block1 sparse complete
Encrypted full HE stage2 block2 sparse complete
Encrypted full HE stage2->stage3 bridge complete
Encrypted full HE stage3 block0 sparse complete
Encrypted full HE stage3 block1 sparse complete
Encrypted full HE stage3 block2 sparse complete
Encrypted full HE ResNet-20 logits: -0.00899743, -0.00148504, 0.0393353, 0.0160252, 0.00450004, -0.022074, 0.0156342, -0.02059, 0.0105486, -0.0329234
Encrypted full HE ResNet-20 logits max error: 2.00318e+80
Full HE compute time: 5445.68 seconds
